// Vitest Snapshot v1, https://vitest.dev/guide/snapshot.html

exports[`DetailPage > matches snapshot 1`] = `
<div>
  <header
    class="root"
  >
    <div
      class="heading"
    >
      <button
        class="root ghost back"
        type="button"
      >
        ← Back
      </button>
      <h1
        class="title"
        style="--title-color: #37adff;"
      >
        <span
          aria-hidden="true"
          class="root titleIcon"
          style="--icon-url: url("moz-extension://test/assets/icons/briefcase.svg");"
        />
        <span
          class="titleLabel"
        >
          <span
            class="titleText"
          >
            Work
          </span>
        </span>
      </h1>
    </div>
  </header>
  <section
    aria-labelledby="P0-0"
    class="root"
  >
    <h2
      class="title"
      id="P0-0"
    >
      Identity
    </h2>
    <div
      class="field"
    >
      <label
        class="root"
        for="detail-name"
      >
        Name
      </label>
      <input
        class="root"
        id="detail-name"
        name="name"
        placeholder="Work, Shopping, …"
        type="text"
      />
    </div>
    <div
      class="field"
    >
      <label
        class="root"
        id="detail-color-label"
      >
        Color
      </label>
      <div
        aria-labelledby="detail-color-label"
        class="swatchRow"
        role="radiogroup"
      >
        <button
          aria-checked="true"
          aria-label="blue"
          class="root plain swatch"
          role="radio"
          style="--swatch: #37adff;"
          title="blue"
          type="button"
        />
        <button
          aria-checked="false"
          aria-label="turquoise"
          class="root plain swatch"
          role="radio"
          style="--swatch: #00c79a;"
          title="turquoise"
          type="button"
        />
        <button
          aria-checked="false"
          aria-label="green"
          class="root plain swatch"
          role="radio"
          style="--swatch: #51cd00;"
          title="green"
          type="button"
        />
        <button
          aria-checked="false"
          aria-label="yellow"
          class="root plain swatch"
          role="radio"
          style="--swatch: #ffcb00;"
          title="yellow"
          type="button"
        />
        <button
          aria-checked="false"
          aria-label="orange"
          class="root plain swatch"
          role="radio"
          style="--swatch: #ff9f00;"
          title="orange"
          type="button"
        />
        <button
          aria-checked="false"
          aria-label="red"
          class="root plain swatch"
          role="radio"
          style="--swatch: #ff613d;"
          title="red"
          type="button"
        />
        <button
          aria-checked="false"
          aria-label="pink"
          class="root plain swatch"
          role="radio"
          style="--swatch: #ff4bda;"
          title="pink"
          type="button"
        />
        <button
          aria-checked="false"
          aria-label="purple"
          class="root plain swatch"
          role="radio"
          style="--swatch: #af51f5;"
          title="purple"
          type="button"
        />
        <button
          aria-checked="false"
          aria-label="toolbar"
          class="root plain swatch"
          role="radio"
          style="--swatch: #7c7c7c;"
          title="toolbar"
          type="button"
        />
      </div>
    </div>
    <div
      class="field"
    >
      <label
        class="root"
        id="detail-icon-label"
      >
        Icon
      </label>
      <div
        aria-labelledby="detail-icon-label"
        class="iconRow"
        role="radiogroup"
      >
        <button
          aria-checked="false"
          aria-label="fingerprint"
          class="root plain iconPick"
          role="radio"
          style="--pick-color: #37adff;"
          title="fingerprint"
          type="button"
        >
          <span
            aria-hidden="true"
            class="root iconGlyph"
            style="--icon-url: url("moz-extension://test/assets/icons/fingerprint.svg");"
          />
        </button>
        <button
          aria-checked="true"
          aria-label="briefcase"
          class="root plain iconPick"
          role="radio"
          style="--pick-color: #37adff;"
          title="briefcase"
          type="button"
        >
          <span
            aria-hidden="true"
            class="root iconGlyph"
            style="--icon-url: url("moz-extension://test/assets/icons/briefcase.svg");"
          />
        </button>
        <button
          aria-checked="false"
          aria-label="dollar"
          class="root plain iconPick"
          role="radio"
          style="--pick-color: #37adff;"
          title="dollar"
          type="button"
        >
          <span
            aria-hidden="true"
            class="root iconGlyph"
            style="--icon-url: url("moz-extension://test/assets/icons/dollar.svg");"
          />
        </button>
        <button
          aria-checked="false"
          aria-label="cart"
          class="root plain iconPick"
          role="radio"
          style="--pick-color: #37adff;"
          title="cart"
          type="button"
        >
          <span
            aria-hidden="true"
            class="root iconGlyph"
            style="--icon-url: url("moz-extension://test/assets/icons/cart.svg");"
          />
        </button>
        <button
          aria-checked="false"
          aria-label="vacation"
          class="root plain iconPick"
          role="radio"
          style="--pick-color: #37adff;"
          title="vacation"
          type="button"
        >
          <span
            aria-hidden="true"
            class="root iconGlyph"
            style="--icon-url: url("moz-extension://test/assets/icons/vacation.svg");"
          />
        </button>
        <button
          aria-checked="false"
          aria-label="gift"
          class="root plain iconPick"
          role="radio"
          style="--pick-color: #37adff;"
          title="gift"
          type="button"
        >
          <span
            aria-hidden="true"
            class="root iconGlyph"
            style="--icon-url: url("moz-extension://test/assets/icons/gift.svg");"
          />
        </button>
        <button
          aria-checked="false"
          aria-label="food"
          class="root plain iconPick"
          role="radio"
          style="--pick-color: #37adff;"
          title="food"
          type="button"
        >
          <span
            aria-hidden="true"
            class="root iconGlyph"
            style="--icon-url: url("moz-extension://test/assets/icons/food.svg");"
          />
        </button>
        <button
          aria-checked="false"
          aria-label="fruit"
          class="root plain iconPick"
          role="radio"
          style="--pick-color: #37adff;"
          title="fruit"
          type="button"
        >
          <span
            aria-hidden="true"
            class="root iconGlyph"
            style="--icon-url: url("moz-extension://test/assets/icons/fruit.svg");"
          />
        </button>
        <button
          aria-checked="false"
          aria-label="pet"
          class="root plain iconPick"
          role="radio"
          style="--pick-color: #37adff;"
          title="pet"
          type="button"
        >
          <span
            aria-hidden="true"
            class="root iconGlyph"
            style="--icon-url: url("moz-extension://test/assets/icons/pet.svg");"
          />
        </button>
        <button
          aria-checked="false"
          aria-label="tree"
          class="root plain iconPick"
          role="radio"
          style="--pick-color: #37adff;"
          title="tree"
          type="button"
        >
          <span
            aria-hidden="true"
            class="root iconGlyph"
            style="--icon-url: url("moz-extension://test/assets/icons/tree.svg");"
          />
        </button>
        <button
          aria-checked="false"
          aria-label="chill"
          class="root plain iconPick"
          role="radio"
          style="--pick-color: #37adff;"
          title="chill"
          type="button"
        >
          <span
            aria-hidden="true"
            class="root iconGlyph"
            style="--icon-url: url("moz-extension://test/assets/icons/chill.svg");"
          />
        </button>
        <button
          aria-checked="false"
          aria-label="circle"
          class="root plain iconPick"
          role="radio"
          style="--pick-color: #37adff;"
          title="circle"
          type="button"
        >
          <span
            aria-hidden="true"
            class="root iconGlyph"
            style="--icon-url: url("moz-extension://test/assets/icons/circle.svg");"
          />
        </button>
        <button
          aria-checked="false"
          aria-label="fence"
          class="root plain iconPick"
          role="radio"
          style="--pick-color: #37adff;"
          title="fence"
          type="button"
        >
          <span
            aria-hidden="true"
            class="root iconGlyph"
            style="--icon-url: url("moz-extension://test/assets/icons/fence.svg");"
          />
        </button>
      </div>
    </div>
  </section>
  <section
    aria-labelledby="P0-1"
    class="root"
  >
    <h2
      class="title"
      id="P0-1"
    >
      Assigned websites
    </h2>
    <div
      class="root"
    >
      <label
        class="visually-hidden"
        for="detail-sites-search"
      >
        Search websites
      </label>
      <input
        autocomplete="off"
        class="root"
        id="detail-sites-search"
        placeholder="Search websites…"
        type="search"
      />
    </div>
    <ul
      class="list"
    >
      <li>
        <button
          class="root plain root"
          title="https://example.com"
          type="button"
        >
          <img
            alt=""
            class="favicon"
            src="https://www.google.com/s2/favicons?domain=example.com&sz=32"
          />
          <span
            class="title"
          >
            example.com
          </span>
        </button>
      </li>
    </ul>
  </section>
  <section
    aria-labelledby="P0-2"
    class="root"
  >
    <h2
      class="title"
      id="P0-2"
    >
      <span>
        Proxy
      </span>
    </h2>
    <p
      class="root warning"
      role="note"
    >
      This is separate from the proxy config in Multi-Account Containers. Other extensions can’t change MAC’s proxy settings, so anything you set here will still work, but must then be managed from here exclusively.
    </p>
    <div
      class="field"
    >
      <label
        class="root"
        for="detail-proxy-type"
      >
        Type
      </label>
      <select
        class="root"
        id="detail-proxy-type"
        name="type"
      >
        <option
          value="direct"
        >
          No proxy (direct)
        </option>
        <option
          value="http"
        >
          http
        </option>
        <option
          value="https"
        >
          https
        </option>
        <option
          value="socks"
        >
          socks
        </option>
        <option
          value="socks4"
        >
          socks4
        </option>
      </select>
    </div>
    <div
      class="field"
    >
      <label
        class="root"
        for="detail-proxy-host"
      >
        Host
      </label>
      <input
        class="root"
        id="detail-proxy-host"
        name="host"
        type="text"
      />
    </div>
    <div
      class="field"
    >
      <label
        class="root"
        for="detail-proxy-port"
      >
        Port
      </label>
      <input
        class="root"
        id="detail-proxy-port"
        max="65535"
        min="1024"
        name="port"
        type="number"
      />
    </div>
    <div
      class="field"
    >
      <label
        class="root"
        for="detail-proxy-user"
      >
        Username (optional)
      </label>
      <input
        autocomplete="off"
        class="root"
        id="detail-proxy-user"
        name="username"
        type="text"
      />
    </div>
    <div
      class="field"
    >
      <label
        class="root"
        for="detail-proxy-pass"
      >
        Password (optional)
      </label>
      <input
        autocomplete="new-password"
        class="root"
        id="detail-proxy-pass"
        name="password"
        type="password"
      />
    </div>
    <div
      class="field"
    >
      <label
        class="root"
      >
        <input
          name="doNotProxyLocal"
          type="checkbox"
        />
         Don’t proxy localhost
      </label>
    </div>
  </section>
  <section
    aria-labelledby="P0-3"
    class="root"
  >
    <h2
      class="title"
      id="P0-3"
    >
      Danger Zone
    </h2>
    <div
      class="row"
    >
      <button
        class="root danger"
        type="button"
      >
        Delete Container
      </button>
    </div>
  </section>
</div>
`;
