// Vitest Snapshot v1, https://vitest.dev/guide/snapshot.html

exports[`HomePage > matches snapshot 1`] = `
<div>
  <header
    class="root"
  >
    <div
      class="brand"
    >
      <nav
        aria-label="Pages"
        class="navigation"
      >
        <button
          aria-current="page"
          class="root tab"
          type="button"
        >
          Containers
        </button>
        <button
          class="root tab"
          type="button"
        >
          Proxies
        </button>
      </nav>
    </div>
    <div
      class="controls"
    >
      <div>
        <div
          data-mock="SortMenu"
        />
      </div>
      <div
        hidden=""
      >
        <div
          data-mock="ProxySortMenu"
        />
      </div>
      <div
        data-mock="ThemeMenu"
      />
    </div>
  </header>
  <main
    aria-label="Containers"
  >
    <div>
      <section
        class="root"
      >
        <div
          data-mock="ContainerGrid"
        />
      </section>
      <section
        aria-labelledby="P0-1"
        class="root"
      >
        <h2
          class="title"
          id="P0-1"
        >
          Assigned websites
        </h2>
        <div
          data-mock="SiteAssignments"
        />
      </section>
    </div>
    <div
      hidden=""
    >
      <div
        data-mock="Proxies"
      />
    </div>
  </main>
</div>
`;
