// Vitest Snapshot v1, https://vitest.dev/guide/snapshot.html

exports[`ProxyPage > matches snapshot 1`] = `
<div>
  <div
    class="root"
  >
    
    <div
      class="empty"
    >
      <svg
        aria-hidden="true"
        class="emptyIcon"
        fill="none"
        stroke="currentColor"
        stroke-width="2"
        viewBox="0 0 64 64"
      >
        <rect
          height="22"
          rx="5"
          width="16"
          x="5"
          y="21"
        />
        <rect
          height="22"
          rx="5"
          width="16"
          x="43"
          y="21"
        />
        <path
          d="M21 28h22m-22 8h22m-6-14 6 6-6 6M27 30l-6 6 6 6"
        />
      </svg>
      <h2
        class="emptyTitle"
      >
        No proxies yet
      </h2>
      <p
        class="emptyDescription"
      >
        Add your first proxy to use it with your containers.
      </p>
    </div>
    <div
      class="actions"
    >
      <button
        class="root newProxy"
        type="button"
      >
        <span
          aria-hidden="true"
          class="plus"
        >
          +
        </span>
        New proxy
      </button>
    </div>
  </div>
</div>
`;
