// Vitest Snapshot v1, https://vitest.dev/guide/snapshot.html

exports[`ThemeMenu > matches snapshot 1`] = `
<div>
  <div
    class="root"
  >
    <button
      aria-controls="theme-list-id"
      aria-expanded="false"
      aria-haspopup="listbox"
      aria-label="Color theme: System"
      class="root trigger"
      title="Theme: System"
      type="button"
    >
      <span
        aria-hidden="true"
        class="root"
        style="--icon-url: url("moz-extension://test/assets/icons/contrast.svg");"
      />
    </button>
  </div>
</div>
`;
