// Vitest Snapshot v1, https://vitest.dev/guide/snapshot.html

exports[`ContainerTile > matches snapshot 1`] = `
<div>
  <div
    aria-current="true"
    class="root current"
    role="listitem"
    style="--tile-color: #0000ff;"
  >
    <button
      aria-label="Work (current)"
      class="root plain open"
      type="button"
    >
      <span
        aria-hidden="true"
        class="iconWrap"
      >
        <span
          aria-hidden="true"
          class="root icon"
          style="--icon-url: url("moz-extension://test/assets/icons/briefcase.svg");"
        />
      </span>
      <span
        class="name"
      >
        Work
      </span>
    </button>
    <button
      aria-label="Edit Work"
      class="root edit"
      title="Edit container"
      type="button"
    >
      <span
        aria-hidden="true"
        class="root"
        style="height: 14px; width: 14px; --icon-url: url("moz-extension://test/assets/icons/edit.svg");"
      />
    </button>
  </div>
</div>
`;
