// Vitest Snapshot v1, https://vitest.dev/guide/snapshot.html

exports[`SortMenu > matches snapshot 1`] = `
<div>
  <div
    class="root"
  >
    <button
      aria-controls="sort-list-id"
      aria-expanded="false"
      aria-haspopup="listbox"
      aria-label="Sort containers: Most used"
      class="root trigger"
      title="Sort containers"
      type="button"
    >
      <span
        class="icon"
      >
        <span
          aria-hidden="true"
          class="root"
          style="--icon-url: url("moz-extension://test/assets/icons/sort.svg");"
        />
      </span>
      <span
        class="label"
      >
        Most used
      </span>
      <span
        aria-hidden="true"
        class="chevron"
      />
    </button>
  </div>
</div>
`;
