// Vitest Snapshot v1, https://vitest.dev/guide/snapshot.html

exports[`DeleteConfirmDialog > matches snapshot 1`] = `
<div>
  <div
    class="root"
    role="presentation"
  >
    <div
      aria-describedby="delete-dialog-desc"
      aria-labelledby="delete-dialog-title"
      aria-modal="true"
      class="dialog"
      role="alertdialog"
    >
      <span
        aria-hidden="true"
        class="root icon"
        style="--title-color: #37adff; --icon-url: url("moz-extension://test/assets/icons/briefcase.svg");"
      />
      <h2
        class="title"
        id="delete-dialog-title"
      >
        Delete 
        Work
        ?
      </h2>
      <p
        class="desc"
        id="delete-dialog-desc"
      >
        This permanently deletes the container and its cookie jar — logins and site data for this identity. This cannot be undone.
      </p>
      <div
        class="actions"
      >
        <button
          class="root ghost action"
          type="button"
        >
          Cancel
        </button>
        <button
          class="root danger action"
          type="button"
        >
          Delete permanently
        </button>
      </div>
    </div>
  </div>
</div>
`;
