// Vitest Snapshot v1, https://vitest.dev/guide/snapshot.html

exports[`DetailHeader > matches snapshot 1`] = `
<div>
  <header
    class="root"
  >
    <div
      class="heading"
    >
      <button
        class="root ghost back"
        type="button"
      >
        ← Back
      </button>
      <h1
        class="title"
        style="--title-color: #37adff;"
      >
        <span
          aria-hidden="true"
          class="root titleIcon"
          style="--icon-url: url("moz-extension://test/assets/icons/briefcase.svg");"
        />
        <span
          class="titleLabel"
        >
          <span
            class="titleText"
          >
            Work
          </span>
          <span
            aria-label="Saved"
            aria-live="polite"
            class="root saved"
          >
            <span
              aria-hidden="true"
              class="root check"
              style="--icon-url: url("moz-extension://test/assets/icons/check.svg");"
            />
          </span>
        </span>
      </h1>
    </div>
  </header>
</div>
`;
