// Vitest Snapshot v1, https://vitest.dev/guide/snapshot.html

exports[`IconField > matches snapshot 1`] = `
<div>
  <div
    class="field"
  >
    <label
      class="root"
      id="detail-icon-label"
    >
      Icon
    </label>
    <div
      aria-labelledby="detail-icon-label"
      class="iconRow"
      role="radiogroup"
    >
      <button
        aria-checked="false"
        aria-label="fingerprint"
        class="root plain iconPick"
        role="radio"
        style="--pick-color: #37adff;"
        title="fingerprint"
        type="button"
      >
        <span
          aria-hidden="true"
          class="root iconGlyph"
          style="--icon-url: url("moz-extension://test/assets/icons/fingerprint.svg");"
        />
      </button>
      <button
        aria-checked="true"
        aria-label="briefcase"
        class="root plain iconPick"
        role="radio"
        style="--pick-color: #37adff;"
        title="briefcase"
        type="button"
      >
        <span
          aria-hidden="true"
          class="root iconGlyph"
          style="--icon-url: url("moz-extension://test/assets/icons/briefcase.svg");"
        />
      </button>
      <button
        aria-checked="false"
        aria-label="dollar"
        class="root plain iconPick"
        role="radio"
        style="--pick-color: #37adff;"
        title="dollar"
        type="button"
      >
        <span
          aria-hidden="true"
          class="root iconGlyph"
          style="--icon-url: url("moz-extension://test/assets/icons/dollar.svg");"
        />
      </button>
      <button
        aria-checked="false"
        aria-label="cart"
        class="root plain iconPick"
        role="radio"
        style="--pick-color: #37adff;"
        title="cart"
        type="button"
      >
        <span
          aria-hidden="true"
          class="root iconGlyph"
          style="--icon-url: url("moz-extension://test/assets/icons/cart.svg");"
        />
      </button>
      <button
        aria-checked="false"
        aria-label="vacation"
        class="root plain iconPick"
        role="radio"
        style="--pick-color: #37adff;"
        title="vacation"
        type="button"
      >
        <span
          aria-hidden="true"
          class="root iconGlyph"
          style="--icon-url: url("moz-extension://test/assets/icons/vacation.svg");"
        />
      </button>
      <button
        aria-checked="false"
        aria-label="gift"
        class="root plain iconPick"
        role="radio"
        style="--pick-color: #37adff;"
        title="gift"
        type="button"
      >
        <span
          aria-hidden="true"
          class="root iconGlyph"
          style="--icon-url: url("moz-extension://test/assets/icons/gift.svg");"
        />
      </button>
      <button
        aria-checked="false"
        aria-label="food"
        class="root plain iconPick"
        role="radio"
        style="--pick-color: #37adff;"
        title="food"
        type="button"
      >
        <span
          aria-hidden="true"
          class="root iconGlyph"
          style="--icon-url: url("moz-extension://test/assets/icons/food.svg");"
        />
      </button>
      <button
        aria-checked="false"
        aria-label="fruit"
        class="root plain iconPick"
        role="radio"
        style="--pick-color: #37adff;"
        title="fruit"
        type="button"
      >
        <span
          aria-hidden="true"
          class="root iconGlyph"
          style="--icon-url: url("moz-extension://test/assets/icons/fruit.svg");"
        />
      </button>
      <button
        aria-checked="false"
        aria-label="pet"
        class="root plain iconPick"
        role="radio"
        style="--pick-color: #37adff;"
        title="pet"
        type="button"
      >
        <span
          aria-hidden="true"
          class="root iconGlyph"
          style="--icon-url: url("moz-extension://test/assets/icons/pet.svg");"
        />
      </button>
      <button
        aria-checked="false"
        aria-label="tree"
        class="root plain iconPick"
        role="radio"
        style="--pick-color: #37adff;"
        title="tree"
        type="button"
      >
        <span
          aria-hidden="true"
          class="root iconGlyph"
          style="--icon-url: url("moz-extension://test/assets/icons/tree.svg");"
        />
      </button>
      <button
        aria-checked="false"
        aria-label="chill"
        class="root plain iconPick"
        role="radio"
        style="--pick-color: #37adff;"
        title="chill"
        type="button"
      >
        <span
          aria-hidden="true"
          class="root iconGlyph"
          style="--icon-url: url("moz-extension://test/assets/icons/chill.svg");"
        />
      </button>
      <button
        aria-checked="false"
        aria-label="circle"
        class="root plain iconPick"
        role="radio"
        style="--pick-color: #37adff;"
        title="circle"
        type="button"
      >
        <span
          aria-hidden="true"
          class="root iconGlyph"
          style="--icon-url: url("moz-extension://test/assets/icons/circle.svg");"
        />
      </button>
      <button
        aria-checked="false"
        aria-label="fence"
        class="root plain iconPick"
        role="radio"
        style="--pick-color: #37adff;"
        title="fence"
        type="button"
      >
        <span
          aria-hidden="true"
          class="root iconGlyph"
          style="--icon-url: url("moz-extension://test/assets/icons/fence.svg");"
        />
      </button>
    </div>
  </div>
</div>
`;
