// Vitest Snapshot v1, https://vitest.dev/guide/snapshot.html

exports[`Proxy > matches snapshot 1`] = `
<div>
  <div
    class="field"
  >
    <label
      for="container-proxy"
    >
      Saved proxy
    </label>
    <select
      class="root"
      id="container-proxy"
    >
      <option
        value=""
      >
        No proxy (direct)
      </option>
      <option
        value="office"
      >
        Office - proxy.example:8080
      </option>
    </select>
    <button
      class="root ghost fieldAction"
      type="button"
    >
      Manage proxies
    </button>
  </div>
</div>
`;
