// Vitest Snapshot v1, https://vitest.dev/guide/snapshot.html

exports[`SiteRow > matches snapshot 1`] = `
<div>
  <button
    class="root plain root"
    title="https://example.com"
    type="button"
  >
    <img
      alt=""
      class="favicon"
      src="https://www.google.com/s2/favicons?domain=example.com&sz=32"
    />
    <span
      class="title"
    >
      example.com
    </span>
    <span>
      Work
    </span>
  </button>
</div>
`;
