// Vitest Snapshot v1, https://vitest.dev/guide/snapshot.html

exports[`SaveStatusIndicator > matches snapshot when saved 1`] = `
<div>
  <span
    aria-label="Saved"
    aria-live="polite"
    class="root saved muted"
  >
    <span
      aria-hidden="true"
      class="root check"
      style="--icon-url: url("moz-extension://test/assets/icons/check.svg");"
    />
  </span>
</div>
`;
